{
  "depth": 0,
  "folders": [
    {
      "depth": 1,
      "folders": [
        {
          "depth": 2,
          "folders": [],
          "name": "my notes",
          "pages": [
            {
              "extensions": [
                "md",
              ],
              "loadMarkdown": {
                "loadModule": [Function],
                "loadRaw": [Function],
              },
              "name": "unocss",
              "path": "/src/docs/my-notes/0-unocss.md",
              "url": "/docs/my-notes/0-unocss",
            },
            {
              "extensions": [
                "md",
              ],
              "loadMarkdown": {
                "loadModule": [Function],
                "loadRaw": [Function],
              },
              "name": "deploy to vercel",
              "path": "/src/docs/my-notes/1-deploy-to-vercel.md",
              "url": "/docs/my-notes/1-deploy-to-vercel",
            },
          ],
          "url": "/docs/my-notes",
        },
      ],
      "name": "docs",
      "pages": [
        {
          "extensions": [
            "md",
          ],
          "loadMarkdown": {
            "loadModule": [Function],
            "loadRaw": [Function],
          },
          "name": "why kitbook",
          "path": "/src/docs/0-why-kitbook.md",
          "url": "/docs/0-why-kitbook",
        },
        {
          "extensions": [
            "md",
          ],
          "loadMarkdown": {
            "loadModule": [Function],
            "loadRaw": [Function],
          },
          "name": "get started",
          "path": "/src/docs/1-get-started.md",
          "url": "/docs/1-get-started",
        },
        {
          "extensions": [
            "md",
          ],
          "loadMarkdown": {
            "loadModule": [Function],
            "loadRaw": [Function],
          },
          "name": "you can use letters to adjust ordering",
          "path": "/src/docs/1a-you-can-use-letters-to-adjust-ordering.md",
          "url": "/docs/1a-you-can-use-letters-to-adjust-ordering",
        },
      ],
      "url": "/docs",
    },
    {
      "depth": 1,
      "folders": [
        {
          "depth": 2,
          "folders": [],
          "name": "a",
          "pages": [
            {
              "extensions": [
                "svelte",
                "variants.ts",
              ],
              "loadComponent": {
                "loadModule": [Function],
                "loadRaw": [Function],
              },
              "loadVariants": {
                "loadModule": [Function],
                "loadRaw": [Function],
              },
              "name": "C",
              "path": "/src/lib/a/C.svelte",
              "url": "/lib/a/C",
            },
            {
              "extensions": [
                "svelte",
                "md",
                "variants.ts",
                "composition",
                "first.composition",
                "second.composition",
              ],
              "loadComponent": {
                "loadModule": [Function],
                "loadRaw": [Function],
              },
              "loadCompositions": {
                "default": {
                  "loadModule": [Function],
                  "loadRaw": [Function],
                },
                "first": {
                  "loadModule": [Function],
                  "loadRaw": [Function],
                },
                "second": {
                  "loadModule": [Function],
                  "loadRaw": [Function],
                },
              },
              "loadMarkdown": {
                "loadModule": [Function],
                "loadRaw": [Function],
              },
              "loadVariants": {
                "loadModule": [Function],
                "loadRaw": [Function],
              },
              "name": "D",
              "path": "/src/lib/a/D.svelte",
              "url": "/lib/a/D",
            },
          ],
          "url": "/lib/a",
        },
      ],
      "name": "lib",
      "pages": [
        {
          "extensions": [
            "svelte",
          ],
          "loadComponent": {
            "loadModule": [Function],
            "loadRaw": [Function],
          },
          "name": "A",
          "path": "/src/lib/A.svelte",
          "url": "/lib/A",
        },
        {
          "extensions": [
            "svelte",
            "md",
          ],
          "loadComponent": {
            "loadModule": [Function],
            "loadRaw": [Function],
          },
          "loadMarkdown": {
            "loadModule": [Function],
            "loadRaw": [Function],
          },
          "name": "B",
          "path": "/src/lib/B.svelte",
          "url": "/lib/B",
        },
        {
          "extensions": [
            "md",
          ],
          "loadMarkdown": {
            "loadModule": [Function],
            "loadRaw": [Function],
          },
          "name": "E",
          "path": "/src/lib/E.md",
          "url": "/lib/E",
        },
      ],
      "url": "/lib",
    },
    {
      "depth": 1,
      "folders": [
        {
          "depth": 2,
          "folders": [],
          "name": "a",
          "pages": [
            {
              "extensions": [
                "svelte",
                "md",
              ],
              "loadComponent": {
                "loadModule": [Function],
                "loadRaw": [Function],
              },
              "loadMarkdown": {
                "loadModule": [Function],
                "loadRaw": [Function],
              },
              "name": "+page",
              "path": "/src/routes/a/+page.svelte",
              "url": "/routes/a/+page",
            },
            {
              "extensions": [
                "svelte",
                "md",
              ],
              "loadComponent": {
                "loadModule": [Function],
                "loadRaw": [Function],
              },
              "loadMarkdown": {
                "loadModule": [Function],
                "loadRaw": [Function],
              },
              "name": "+layout",
              "path": "/src/routes/a/+layout.svelte",
              "url": "/routes/a/+layout",
            },
          ],
          "url": "/routes/a",
        },
        {
          "depth": 2,
          "folders": [],
          "name": "b",
          "pages": [
            {
              "extensions": [
                "svelte",
                "variants.ts",
              ],
              "loadComponent": {
                "loadModule": [Function],
                "loadRaw": [Function],
              },
              "loadVariants": {
                "loadModule": [Function],
                "loadRaw": [Function],
              },
              "name": "+page",
              "path": "/src/routes/b/+page.svelte",
              "url": "/routes/b/+page",
            },
            {
              "extensions": [
                "svelte",
                "variants.ts",
              ],
              "loadComponent": {
                "loadModule": [Function],
                "loadRaw": [Function],
              },
              "loadVariants": {
                "loadModule": [Function],
                "loadRaw": [Function],
              },
              "name": "+layout",
              "path": "/src/routes/b/+layout.svelte",
              "url": "/routes/b/+layout",
            },
          ],
          "url": "/routes/b",
        },
        {
          "depth": 2,
          "folders": [],
          "name": "c",
          "pages": [
            {
              "extensions": [
                "svelte",
                "md",
                "variants.ts",
              ],
              "loadComponent": {
                "loadModule": [Function],
                "loadRaw": [Function],
              },
              "loadMarkdown": {
                "loadModule": [Function],
                "loadRaw": [Function],
              },
              "loadVariants": {
                "loadModule": [Function],
                "loadRaw": [Function],
              },
              "name": "+page",
              "path": "/src/routes/c/+page.svelte",
              "url": "/routes/c/+page",
            },
            {
              "extensions": [
                "svelte",
                "md",
                "variants.ts",
              ],
              "loadComponent": {
                "loadModule": [Function],
                "loadRaw": [Function],
              },
              "loadMarkdown": {
                "loadModule": [Function],
                "loadRaw": [Function],
              },
              "loadVariants": {
                "loadModule": [Function],
                "loadRaw": [Function],
              },
              "name": "+layout",
              "path": "/src/routes/c/+layout.svelte",
              "url": "/routes/c/+layout",
            },
          ],
          "url": "/routes/c",
        },
      ],
      "name": "routes",
      "pages": [
        {
          "extensions": [
            "svelte",
          ],
          "loadComponent": {
            "loadModule": [Function],
            "loadRaw": [Function],
          },
          "name": "+page",
          "path": "/src/routes/+page.svelte",
          "url": "/routes/+page",
        },
        {
          "extensions": [
            "svelte",
          ],
          "loadComponent": {
            "loadModule": [Function],
            "loadRaw": [Function],
          },
          "name": "+layout",
          "path": "/src/routes/+layout.svelte",
          "url": "/routes/+layout",
        },
      ],
      "url": "/routes",
    },
  ],
  "name": ".",
  "pages": [
    {
      "extensions": [
        "md",
      ],
      "loadMarkdown": {
        "loadModule": [Function],
        "loadRaw": [Function],
      },
      "name": "README",
      "path": "/README.md",
      "url": "/README",
    },
    {
      "extensions": [
        "md",
      ],
      "loadMarkdown": {
        "loadModule": [Function],
        "loadRaw": [Function],
      },
      "name": "index",
      "path": "/src/index.md",
      "url": "/index",
    },
  ],
  "url": "/",
}